F.FFF.                                                                   [100%]
=================================== FAILURES ===================================
_______________________________ test_create_user _______________________________

client = <starlette.testclient.TestClient object at 0x7fb4f3860650>

    def test_create_user(client):
>       res = client.post("/users/", json={
            "name": "Sergio",
            "birth_year": 2000
        })

tests/api/test_users.py:2: 
_ _ _ _ _ _ _ _ _ _ _ _ _ _ _ _ _ _ _ _ _ _ _ _ _ _ _ _ _ _ _ _ _ _ _ _ _ _ _ _ 
.venv/lib/python3.11/site-packages/starlette/testclient.py:546: in post
    return super().post(
.venv/lib/python3.11/site-packages/httpx/_client.py:1144: in post
    return self.request(
.venv/lib/python3.11/site-packages/starlette/testclient.py:445: in request
    return super().request(
.venv/lib/python3.11/site-packages/httpx/_client.py:825: in request
    return self.send(request, auth=auth, follow_redirects=follow_redirects)
           ^^^^^^^^^^^^^^^^^^^^^^^^^^^^^^^^^^^^^^^^^^^^^^^^^^^^^^^^^^^^^^^^
.venv/lib/python3.11/site-packages/httpx/_client.py:914: in send
    response = self._send_handling_auth(
.venv/lib/python3.11/site-packages/httpx/_client.py:942: in _send_handling_auth
    response = self._send_handling_redirects(
.venv/lib/python3.11/site-packages/httpx/_client.py:979: in _send_handling_redirects
    response = self._send_single_request(request)
               ^^^^^^^^^^^^^^^^^^^^^^^^^^^^^^^^^^
.venv/lib/python3.11/site-packages/httpx/_client.py:1014: in _send_single_request
    response = transport.handle_request(request)
               ^^^^^^^^^^^^^^^^^^^^^^^^^^^^^^^^^
.venv/lib/python3.11/site-packages/starlette/testclient.py:348: in handle_request
    raise exc
.venv/lib/python3.11/site-packages/starlette/testclient.py:345: in handle_request
    portal.call(self.app, scope, receive, send)
.venv/lib/python3.11/site-packages/anyio/from_thread.py:334: in call
    return cast(T_Retval, self.start_task_soon(func, *args).result())
                          ^^^^^^^^^^^^^^^^^^^^^^^^^^^^^^^^^^^^^^^^^^
../../../.local/share/uv/python/cpython-3.11.14-linux-x86_64-gnu/lib/python3.11/concurrent/futures/_base.py:456: in result
    return self.__get_result()
           ^^^^^^^^^^^^^^^^^^^
../../../.local/share/uv/python/cpython-3.11.14-linux-x86_64-gnu/lib/python3.11/concurrent/futures/_base.py:401: in __get_result
    raise self._exception
.venv/lib/python3.11/site-packages/anyio/from_thread.py:259: in _call_func
    retval = await retval_or_awaitable
             ^^^^^^^^^^^^^^^^^^^^^^^^^
.venv/lib/python3.11/site-packages/fastapi/applications.py:1163: in __call__
    await super().__call__(scope, receive, send)
.venv/lib/python3.11/site-packages/starlette/applications.py:90: in __call__
    await self.middleware_stack(scope, receive, send)
.venv/lib/python3.11/site-packages/starlette/middleware/errors.py:186: in __call__
    raise exc
.venv/lib/python3.11/site-packages/starlette/middleware/errors.py:164: in __call__
    await self.app(scope, receive, _send)
.venv/lib/python3.11/site-packages/starlette/middleware/exceptions.py:63: in __call__
    await wrap_app_handling_exceptions(self.app, conn)(scope, receive, send)
.venv/lib/python3.11/site-packages/starlette/_exception_handler.py:53: in wrapped_app
    raise exc
.venv/lib/python3.11/site-packages/starlette/_exception_handler.py:42: in wrapped_app
    await app(scope, receive, sender)
.venv/lib/python3.11/site-packages/fastapi/middleware/asyncexitstack.py:18: in __call__
    await self.app(scope, receive, send)
.venv/lib/python3.11/site-packages/starlette/routing.py:660: in __call__
    await self.middleware_stack(scope, receive, send)
.venv/lib/python3.11/site-packages/starlette/routing.py:680: in app
    await route.handle(scope, receive, send)
.venv/lib/python3.11/site-packages/starlette/routing.py:276: in handle
    await self.app(scope, receive, send)
.venv/lib/python3.11/site-packages/fastapi/routing.py:134: in app
    await wrap_app_handling_exceptions(app, request)(scope, receive, send)
.venv/lib/python3.11/site-packages/starlette/_exception_handler.py:53: in wrapped_app
    raise exc
.venv/lib/python3.11/site-packages/starlette/_exception_handler.py:42: in wrapped_app
    await app(scope, receive, sender)
.venv/lib/python3.11/site-packages/fastapi/routing.py:120: in app
    response = await f(request)
               ^^^^^^^^^^^^^^^^
.venv/lib/python3.11/site-packages/fastapi/routing.py:674: in app
    raw_response = await run_endpoint_function(
.venv/lib/python3.11/site-packages/fastapi/routing.py:330: in run_endpoint_function
    return await run_in_threadpool(dependant.call, **values)
           ^^^^^^^^^^^^^^^^^^^^^^^^^^^^^^^^^^^^^^^^^^^^^^^^^
.venv/lib/python3.11/site-packages/starlette/concurrency.py:32: in run_in_threadpool
    return await anyio.to_thread.run_sync(func)
           ^^^^^^^^^^^^^^^^^^^^^^^^^^^^^^^^^^^^
.venv/lib/python3.11/site-packages/anyio/to_thread.py:63: in run_sync
    return await get_async_backend().run_sync_in_worker_thread(
.venv/lib/python3.11/site-packages/anyio/_backends/_asyncio.py:2518: in run_sync_in_worker_thread
    return await future
           ^^^^^^^^^^^^
.venv/lib/python3.11/site-packages/anyio/_backends/_asyncio.py:1002: in run
    result = context.run(func, *args)
             ^^^^^^^^^^^^^^^^^^^^^^^^
app/api/routes_users.py:10: in create_user
    return service.create_user(user)
           ^^^^^^^^^^^^^^^^^^^^^^^^^
app/services/user_service.py:7: in create_user
    db[user_id] = user.dict()
                  ^^^^^^^^^^^
_ _ _ _ _ _ _ _ _ _ _ _ _ _ _ _ _ _ _ _ _ _ _ _ _ _ _ _ _ _ _ _ _ _ _ _ _ _ _ _ 

self = UserCreate(name='Sergio', birth_year=2000)

    @typing_extensions.deprecated('The `dict` method is deprecated; use `model_dump` instead.', category=None)
    def dict(  # noqa: D102
        self,
        *,
        include: IncEx | None = None,
        exclude: IncEx | None = None,
        by_alias: bool = False,
        exclude_unset: bool = False,
        exclude_defaults: bool = False,
        exclude_none: bool = False,
    ) -> Dict[str, Any]:  # noqa UP006
>       warnings.warn(
            'The `dict` method is deprecated; use `model_dump` instead.',
            category=PydanticDeprecatedSince20,
            stacklevel=2,
        )
E       pydantic.warnings.PydanticDeprecatedSince20: The `dict` method is deprecated; use `model_dump` instead. Deprecated in Pydantic V2.0 to be removed in V3.0. See Pydantic V2 Migration Guide at https://errors.pydantic.dev/2.13/migration/

.venv/lib/python3.11/site-packages/pydantic/main.py:1333: PydanticDeprecatedSince20
_____________________ test_create_user_invalid_birth_year ______________________

client = <starlette.testclient.TestClient object at 0x7fb4ebcb1d90>

    def test_create_user_invalid_birth_year(client):
>       res = client.post("/users/", json={
            "name": "Sergio",
            "birth_year": 3000  # invalid future year
        })

tests/api/test_users.py:16: 
_ _ _ _ _ _ _ _ _ _ _ _ _ _ _ _ _ _ _ _ _ _ _ _ _ _ _ _ _ _ _ _ _ _ _ _ _ _ _ _ 
.venv/lib/python3.11/site-packages/starlette/testclient.py:546: in post
    return super().post(
.venv/lib/python3.11/site-packages/httpx/_client.py:1144: in post
    return self.request(
.venv/lib/python3.11/site-packages/starlette/testclient.py:445: in request
    return super().request(
.venv/lib/python3.11/site-packages/httpx/_client.py:825: in request
    return self.send(request, auth=auth, follow_redirects=follow_redirects)
           ^^^^^^^^^^^^^^^^^^^^^^^^^^^^^^^^^^^^^^^^^^^^^^^^^^^^^^^^^^^^^^^^
.venv/lib/python3.11/site-packages/httpx/_client.py:914: in send
    response = self._send_handling_auth(
.venv/lib/python3.11/site-packages/httpx/_client.py:942: in _send_handling_auth
    response = self._send_handling_redirects(
.venv/lib/python3.11/site-packages/httpx/_client.py:979: in _send_handling_redirects
    response = self._send_single_request(request)
               ^^^^^^^^^^^^^^^^^^^^^^^^^^^^^^^^^^
.venv/lib/python3.11/site-packages/httpx/_client.py:1014: in _send_single_request
    response = transport.handle_request(request)
               ^^^^^^^^^^^^^^^^^^^^^^^^^^^^^^^^^
.venv/lib/python3.11/site-packages/starlette/testclient.py:348: in handle_request
    raise exc
.venv/lib/python3.11/site-packages/starlette/testclient.py:345: in handle_request
    portal.call(self.app, scope, receive, send)
.venv/lib/python3.11/site-packages/anyio/from_thread.py:334: in call
    return cast(T_Retval, self.start_task_soon(func, *args).result())
                          ^^^^^^^^^^^^^^^^^^^^^^^^^^^^^^^^^^^^^^^^^^
../../../.local/share/uv/python/cpython-3.11.14-linux-x86_64-gnu/lib/python3.11/concurrent/futures/_base.py:456: in result
    return self.__get_result()
           ^^^^^^^^^^^^^^^^^^^
../../../.local/share/uv/python/cpython-3.11.14-linux-x86_64-gnu/lib/python3.11/concurrent/futures/_base.py:401: in __get_result
    raise self._exception
.venv/lib/python3.11/site-packages/anyio/from_thread.py:259: in _call_func
    retval = await retval_or_awaitable
             ^^^^^^^^^^^^^^^^^^^^^^^^^
.venv/lib/python3.11/site-packages/fastapi/applications.py:1163: in __call__
    await super().__call__(scope, receive, send)
.venv/lib/python3.11/site-packages/starlette/applications.py:90: in __call__
    await self.middleware_stack(scope, receive, send)
.venv/lib/python3.11/site-packages/starlette/middleware/errors.py:186: in __call__
    raise exc
.venv/lib/python3.11/site-packages/starlette/middleware/errors.py:164: in __call__
    await self.app(scope, receive, _send)
.venv/lib/python3.11/site-packages/starlette/middleware/exceptions.py:63: in __call__
    await wrap_app_handling_exceptions(self.app, conn)(scope, receive, send)
.venv/lib/python3.11/site-packages/starlette/_exception_handler.py:53: in wrapped_app
    raise exc
.venv/lib/python3.11/site-packages/starlette/_exception_handler.py:42: in wrapped_app
    await app(scope, receive, sender)
.venv/lib/python3.11/site-packages/fastapi/middleware/asyncexitstack.py:18: in __call__
    await self.app(scope, receive, send)
.venv/lib/python3.11/site-packages/starlette/routing.py:660: in __call__
    await self.middleware_stack(scope, receive, send)
.venv/lib/python3.11/site-packages/starlette/routing.py:680: in app
    await route.handle(scope, receive, send)
.venv/lib/python3.11/site-packages/starlette/routing.py:276: in handle
    await self.app(scope, receive, send)
.venv/lib/python3.11/site-packages/fastapi/routing.py:134: in app
    await wrap_app_handling_exceptions(app, request)(scope, receive, send)
.venv/lib/python3.11/site-packages/starlette/_exception_handler.py:53: in wrapped_app
    raise exc
.venv/lib/python3.11/site-packages/starlette/_exception_handler.py:42: in wrapped_app
    await app(scope, receive, sender)
.venv/lib/python3.11/site-packages/fastapi/routing.py:120: in app
    response = await f(request)
               ^^^^^^^^^^^^^^^^
.venv/lib/python3.11/site-packages/fastapi/routing.py:674: in app
    raw_response = await run_endpoint_function(
.venv/lib/python3.11/site-packages/fastapi/routing.py:330: in run_endpoint_function
    return await run_in_threadpool(dependant.call, **values)
           ^^^^^^^^^^^^^^^^^^^^^^^^^^^^^^^^^^^^^^^^^^^^^^^^^
.venv/lib/python3.11/site-packages/starlette/concurrency.py:32: in run_in_threadpool
    return await anyio.to_thread.run_sync(func)
           ^^^^^^^^^^^^^^^^^^^^^^^^^^^^^^^^^^^^
.venv/lib/python3.11/site-packages/anyio/to_thread.py:63: in run_sync
    return await get_async_backend().run_sync_in_worker_thread(
.venv/lib/python3.11/site-packages/anyio/_backends/_asyncio.py:2518: in run_sync_in_worker_thread
    return await future
           ^^^^^^^^^^^^
.venv/lib/python3.11/site-packages/anyio/_backends/_asyncio.py:1002: in run
    result = context.run(func, *args)
             ^^^^^^^^^^^^^^^^^^^^^^^^
app/api/routes_users.py:10: in create_user
    return service.create_user(user)
           ^^^^^^^^^^^^^^^^^^^^^^^^^
app/services/user_service.py:7: in create_user
    db[user_id] = user.dict()
                  ^^^^^^^^^^^
_ _ _ _ _ _ _ _ _ _ _ _ _ _ _ _ _ _ _ _ _ _ _ _ _ _ _ _ _ _ _ _ _ _ _ _ _ _ _ _ 

self = UserCreate(name='Sergio', birth_year=3000)

    @typing_extensions.deprecated('The `dict` method is deprecated; use `model_dump` instead.', category=None)
    def dict(  # noqa: D102
        self,
        *,
        include: IncEx | None = None,
        exclude: IncEx | None = None,
        by_alias: bool = False,
        exclude_unset: bool = False,
        exclude_defaults: bool = False,
        exclude_none: bool = False,
    ) -> Dict[str, Any]:  # noqa UP006
>       warnings.warn(
            'The `dict` method is deprecated; use `model_dump` instead.',
            category=PydanticDeprecatedSince20,
            stacklevel=2,
        )
E       pydantic.warnings.PydanticDeprecatedSince20: The `dict` method is deprecated; use `model_dump` instead. Deprecated in Pydantic V2.0 to be removed in V3.0. See Pydantic V2 Migration Guide at https://errors.pydantic.dev/2.13/migration/

.venv/lib/python3.11/site-packages/pydantic/main.py:1333: PydanticDeprecatedSince20
______________________________ test_user_has_age _______________________________

client = <starlette.testclient.TestClient object at 0x7fb4eb5e4790>

    def test_user_has_age(client):
>       res = client.post("/users/", json={
            "name": "Sergio",
            "birth_year": 2000
        })

tests/api/test_users.py:24: 
_ _ _ _ _ _ _ _ _ _ _ _ _ _ _ _ _ _ _ _ _ _ _ _ _ _ _ _ _ _ _ _ _ _ _ _ _ _ _ _ 
.venv/lib/python3.11/site-packages/starlette/testclient.py:546: in post
    return super().post(
.venv/lib/python3.11/site-packages/httpx/_client.py:1144: in post
    return self.request(
.venv/lib/python3.11/site-packages/starlette/testclient.py:445: in request
    return super().request(
.venv/lib/python3.11/site-packages/httpx/_client.py:825: in request
    return self.send(request, auth=auth, follow_redirects=follow_redirects)
           ^^^^^^^^^^^^^^^^^^^^^^^^^^^^^^^^^^^^^^^^^^^^^^^^^^^^^^^^^^^^^^^^
.venv/lib/python3.11/site-packages/httpx/_client.py:914: in send
    response = self._send_handling_auth(
.venv/lib/python3.11/site-packages/httpx/_client.py:942: in _send_handling_auth
    response = self._send_handling_redirects(
.venv/lib/python3.11/site-packages/httpx/_client.py:979: in _send_handling_redirects
    response = self._send_single_request(request)
               ^^^^^^^^^^^^^^^^^^^^^^^^^^^^^^^^^^
.venv/lib/python3.11/site-packages/httpx/_client.py:1014: in _send_single_request
    response = transport.handle_request(request)
               ^^^^^^^^^^^^^^^^^^^^^^^^^^^^^^^^^
.venv/lib/python3.11/site-packages/starlette/testclient.py:348: in handle_request
    raise exc
.venv/lib/python3.11/site-packages/starlette/testclient.py:345: in handle_request
    portal.call(self.app, scope, receive, send)
.venv/lib/python3.11/site-packages/anyio/from_thread.py:334: in call
    return cast(T_Retval, self.start_task_soon(func, *args).result())
                          ^^^^^^^^^^^^^^^^^^^^^^^^^^^^^^^^^^^^^^^^^^
../../../.local/share/uv/python/cpython-3.11.14-linux-x86_64-gnu/lib/python3.11/concurrent/futures/_base.py:456: in result
    return self.__get_result()
           ^^^^^^^^^^^^^^^^^^^
../../../.local/share/uv/python/cpython-3.11.14-linux-x86_64-gnu/lib/python3.11/concurrent/futures/_base.py:401: in __get_result
    raise self._exception
.venv/lib/python3.11/site-packages/anyio/from_thread.py:259: in _call_func
    retval = await retval_or_awaitable
             ^^^^^^^^^^^^^^^^^^^^^^^^^
.venv/lib/python3.11/site-packages/fastapi/applications.py:1163: in __call__
    await super().__call__(scope, receive, send)
.venv/lib/python3.11/site-packages/starlette/applications.py:90: in __call__
    await self.middleware_stack(scope, receive, send)
.venv/lib/python3.11/site-packages/starlette/middleware/errors.py:186: in __call__
    raise exc
.venv/lib/python3.11/site-packages/starlette/middleware/errors.py:164: in __call__
    await self.app(scope, receive, _send)
.venv/lib/python3.11/site-packages/starlette/middleware/exceptions.py:63: in __call__
    await wrap_app_handling_exceptions(self.app, conn)(scope, receive, send)
.venv/lib/python3.11/site-packages/starlette/_exception_handler.py:53: in wrapped_app
    raise exc
.venv/lib/python3.11/site-packages/starlette/_exception_handler.py:42: in wrapped_app
    await app(scope, receive, sender)
.venv/lib/python3.11/site-packages/fastapi/middleware/asyncexitstack.py:18: in __call__
    await self.app(scope, receive, send)
.venv/lib/python3.11/site-packages/starlette/routing.py:660: in __call__
    await self.middleware_stack(scope, receive, send)
.venv/lib/python3.11/site-packages/starlette/routing.py:680: in app
    await route.handle(scope, receive, send)
.venv/lib/python3.11/site-packages/starlette/routing.py:276: in handle
    await self.app(scope, receive, send)
.venv/lib/python3.11/site-packages/fastapi/routing.py:134: in app
    await wrap_app_handling_exceptions(app, request)(scope, receive, send)
.venv/lib/python3.11/site-packages/starlette/_exception_handler.py:53: in wrapped_app
    raise exc
.venv/lib/python3.11/site-packages/starlette/_exception_handler.py:42: in wrapped_app
    await app(scope, receive, sender)
.venv/lib/python3.11/site-packages/fastapi/routing.py:120: in app
    response = await f(request)
               ^^^^^^^^^^^^^^^^
.venv/lib/python3.11/site-packages/fastapi/routing.py:674: in app
    raw_response = await run_endpoint_function(
.venv/lib/python3.11/site-packages/fastapi/routing.py:330: in run_endpoint_function
    return await run_in_threadpool(dependant.call, **values)
           ^^^^^^^^^^^^^^^^^^^^^^^^^^^^^^^^^^^^^^^^^^^^^^^^^
.venv/lib/python3.11/site-packages/starlette/concurrency.py:32: in run_in_threadpool
    return await anyio.to_thread.run_sync(func)
           ^^^^^^^^^^^^^^^^^^^^^^^^^^^^^^^^^^^^
.venv/lib/python3.11/site-packages/anyio/to_thread.py:63: in run_sync
    return await get_async_backend().run_sync_in_worker_thread(
.venv/lib/python3.11/site-packages/anyio/_backends/_asyncio.py:2518: in run_sync_in_worker_thread
    return await future
           ^^^^^^^^^^^^
.venv/lib/python3.11/site-packages/anyio/_backends/_asyncio.py:1002: in run
    result = context.run(func, *args)
             ^^^^^^^^^^^^^^^^^^^^^^^^
app/api/routes_users.py:10: in create_user
    return service.create_user(user)
           ^^^^^^^^^^^^^^^^^^^^^^^^^
app/services/user_service.py:7: in create_user
    db[user_id] = user.dict()
                  ^^^^^^^^^^^
_ _ _ _ _ _ _ _ _ _ _ _ _ _ _ _ _ _ _ _ _ _ _ _ _ _ _ _ _ _ _ _ _ _ _ _ _ _ _ _ 

self = UserCreate(name='Sergio', birth_year=2000)

    @typing_extensions.deprecated('The `dict` method is deprecated; use `model_dump` instead.', category=None)
    def dict(  # noqa: D102
        self,
        *,
        include: IncEx | None = None,
        exclude: IncEx | None = None,
        by_alias: bool = False,
        exclude_unset: bool = False,
        exclude_defaults: bool = False,
        exclude_none: bool = False,
    ) -> Dict[str, Any]:  # noqa UP006
>       warnings.warn(
            'The `dict` method is deprecated; use `model_dump` instead.',
            category=PydanticDeprecatedSince20,
            stacklevel=2,
        )
E       pydantic.warnings.PydanticDeprecatedSince20: The `dict` method is deprecated; use `model_dump` instead. Deprecated in Pydantic V2.0 to be removed in V3.0. See Pydantic V2 Migration Guide at https://errors.pydantic.dev/2.13/migration/

.venv/lib/python3.11/site-packages/pydantic/main.py:1333: PydanticDeprecatedSince20
_________________________ test_list_users_returns_list _________________________

client = <starlette.testclient.TestClient object at 0x7fb4ebbb90d0>

    def test_list_users_returns_list(client):
        res = client.get("/users/")
>       assert isinstance(res.json(), list)
E       assert False
E        +  where False = isinstance({}, list)
E        +    where {} = json()
E        +      where json = <Response [200 OK]>.json

tests/api/test_users.py:34: AssertionError
=========================== short test summary info ============================
FAILED tests/api/test_users.py::test_create_user - pydantic.warnings.PydanticDeprecatedSince20: The `dict` method is deprecated; use `model_dump` instead. Deprecated in Pydantic V2.0 to be removed in V3.0. See Pydantic V2 Migration Guide at https://errors.pydantic.dev/2.13/migration/
FAILED tests/api/test_users.py::test_create_user_invalid_birth_year - pydantic.warnings.PydanticDeprecatedSince20: The `dict` method is deprecated; use `model_dump` instead. Deprecated in Pydantic V2.0 to be removed in V3.0. See Pydantic V2 Migration Guide at https://errors.pydantic.dev/2.13/migration/
FAILED tests/api/test_users.py::test_user_has_age - pydantic.warnings.PydanticDeprecatedSince20: The `dict` method is deprecated; use `model_dump` instead. Deprecated in Pydantic V2.0 to be removed in V3.0. See Pydantic V2 Migration Guide at https://errors.pydantic.dev/2.13/migration/
FAILED tests/api/test_users.py::test_list_users_returns_list - assert False
 +  where False = isinstance({}, list)
 +    where {} = json()
 +      where json = <Response [200 OK]>.json
4 failed, 2 passed in 0.92s
